core_cm4.h:1657:22:__NVIC_SetPriorityGrouping	24	static
core_cm4.h:1676:26:__NVIC_GetPriorityGrouping	4	static
core_cm4.h:1688:22:__NVIC_EnableIRQ	16	static
core_cm4.h:1816:22:__NVIC_SetPriority	16	static
core_cm4.h:1863:26:NVIC_EncodePriority	40	static
stm32f3xx_ll_rcc.h:1086:22:LL_RCC_HSI_Enable	4	static
stm32f3xx_ll_rcc.h:1106:26:LL_RCC_HSI_IsReady	4	static
stm32f3xx_ll_rcc.h:1132:22:LL_RCC_HSI_SetCalibTrimming	16	static
stm32f3xx_ll_rcc.h:1290:22:LL_RCC_SetSysClkSource	16	static
stm32f3xx_ll_rcc.h:1303:26:LL_RCC_GetSysClkSource	4	static
stm32f3xx_ll_rcc.h:1323:22:LL_RCC_SetAHBPrescaler	16	static
stm32f3xx_ll_rcc.h:1339:22:LL_RCC_SetAPB1Prescaler	16	static
stm32f3xx_ll_rcc.h:1355:22:LL_RCC_SetAPB2Prescaler	16	static
stm32f3xx_ll_bus.h:287:22:LL_AHB1_GRP1_EnableClock	24	static
stm32f3xx_ll_bus.h:537:22:LL_APB1_GRP1_EnableClock	24	static
stm32f3xx_ll_bus.h:851:22:LL_APB2_GRP1_EnableClock	24	static
stm32f3xx_ll_system.h:1105:22:LL_SYSCFG_SetEXTISource	24	static,ignoring_inline_asm
stm32f3xx_ll_system.h:1618:22:LL_FLASH_SetLatency	16	static
stm32f3xx_ll_system.h:1631:26:LL_FLASH_GetLatency	4	static
stm32f3xx_ll_exti.h:1203:26:LL_EXTI_IsActiveFlag_0_31	16	static
stm32f3xx_ll_exti.h:1320:22:LL_EXTI_ClearFlag_0_31	16	static
stm32f3xx_ll_usart.h:532:22:LL_USART_Enable	16	static
stm32f3xx_ll_usart.h:2255:22:LL_USART_ConfigAsyncMode	16	static
stm32f3xx_ll_usart.h:3190:22:LL_USART_DisableIT_CTS	40	static,ignoring_inline_asm
stm32f3xx_ll_gpio.h:273:22:LL_GPIO_SetPinMode	40	static,ignoring_inline_asm
stm32f3xx_ll_gpio.h:482:22:LL_GPIO_SetPinPull	40	static,ignoring_inline_asm
stm32f3xx_ll_gpio.h:908:22:LL_GPIO_ResetOutputPin	16	static
main.c:70:5:main	16	static
main.c:130:6:SystemClock_Config	8	static
main.c:163:13:MX_USART2_UART_Init	64	static
main.c:215:13:MX_GPIO_Init	48	static
main.c:260:9:checkButtonState	24	static
main.c:323:6:EXTI4_IRQHandler	16	static
main.c:345:6:Error_Handler	4	static,ignoring_inline_asm
